2022/12/05 09:54:40 log.go:25: Exit open asdfg: The system cannot find the file specified.
2022/12/05 09:55:10 C:/Users/PC_User/MyProject/lesson_go/statement/log/log.go:25: Exit open asdfg: The system cannot find the file specified.
